/*C2*/SET SCHEMA PUBLIC
-- Tabela para usu\u00e1rios\u000aCREATE TABLE users (\u000a    username VARCHAR(50) NOT NULL PRIMARY KEY,\u000a    password VARCHAR(100) NOT NULL,\u000a    enabled BOOLEAN NOT NULL\u000a)
CREATE TABLE authorities (\u000a    username VARCHAR(50) NOT NULL,\u000a    authority VARCHAR(50) NOT NULL,\u000a    FOREIGN KEY (username) REFERENCES users(username),\u000a    primary key (username, authority)\u000a)
/*C5*/SET SCHEMA PUBLIC
INSERT INTO USERS VALUES('admin','$2a$10$z8ZRJhBt.Gt1VjcbFR0iQesX/aublq3Yixe1CkBrkqtypcMc87nE2',TRUE)
COMMIT
INSERT INTO AUTHORITIES VALUES('admin','ROLE_ADMIN')
COMMIT
INSERT INTO AUTHORITIES VALUES('admin','ROLE_USER')
COMMIT
INSERT INTO USERS VALUES('user','$2a$10$vp9WagCdJ4O2qx74DB76suSuiSjHkpzRoOx9TMmy3AFQM8VoQJKli',TRUE)
COMMIT
INSERT INTO AUTHORITIES VALUES('user','ROLE_USER')
COMMIT
DISCONNECT
/*C6*/SET SCHEMA PUBLIC
DISCONNECT
/*C7*/SET SCHEMA PUBLIC
DISCONNECT
/*C8*/SET SCHEMA PUBLIC
DISCONNECT
/*C9*/SET SCHEMA PUBLIC
DISCONNECT
/*C10*/SET SCHEMA PUBLIC
DISCONNECT
/*C11*/SET SCHEMA PUBLIC
DISCONNECT
/*C12*/SET SCHEMA PUBLIC
DISCONNECT
/*C13*/SET SCHEMA PUBLIC
DISCONNECT
/*C14*/SET SCHEMA PUBLIC
DISCONNECT
/*C3*/SET SCHEMA PUBLIC
DISCONNECT
/*C4*/SET SCHEMA PUBLIC
DISCONNECT
/*C17*/SET SCHEMA PUBLIC
DISCONNECT
/*C20*/SET SCHEMA PUBLIC
DISCONNECT
/*C18*/SET SCHEMA PUBLIC
DISCONNECT
/*C24*/SET SCHEMA PUBLIC
DISCONNECT
/*C19*/SET SCHEMA PUBLIC
DISCONNECT
/*C22*/SET SCHEMA PUBLIC
DISCONNECT
/*C23*/SET SCHEMA PUBLIC
DISCONNECT
/*C21*/SET SCHEMA PUBLIC
DISCONNECT
/*C25*/SET SCHEMA PUBLIC
DISCONNECT
